
> zenith-terminal-buddy@1.0.1 test
> node ./dist/test/runTest.js

node.exe : - Resolving version...
At C:\Program Files\nodejs\npm.ps1:29 char:3
+   & $NODE_EXE $NPM_CLI_JS $args
+   ~~~~~~~~~~~~~~~~~~~~~~~~~~~~~
    + CategoryInfo          : NotSpecified: (- Resolving version...:String) [], RemoteException
    + FullyQualifiedErrorId : NativeCommandError
 
ΓêÜ Validated version: 1.116.0
ΓêÜ Found existing install in C:\Users\Asus\Desktop\Terminal Buddy\.vscode-test\vscode-win32-x64-archive-1.116.0

[main 2026-04-16T21:47:13.542Z] update#setState disabled
[main 2026-04-16T21:47:13.543Z] update#ctor - updates are disabled by the environment
Ignoring terminal.integrated.initialHint.copilotCli as terminal.integrated.initialHint is true
Started local extension host with pid 53032.
Unable to read file 'c:\Users\Asus\Desktop\Terminal\Backups\package.json' (Error: Unable to resolve nonexistent file 
'c:\Users\Asus\Desktop\Terminal\Backups\package.json')
Unable to read file 'c:\Users\Asus\Desktop\Terminal\blob_storage\package.json' (Error: Unable to resolve nonexistent 
file 'c:\Users\Asus\Desktop\Terminal\blob_storage\package.json')
Unable to read file 'c:\Users\Asus\Desktop\Terminal\Cache\package.json' (Error: Unable to resolve nonexistent file 
'c:\Users\Asus\Desktop\Terminal\Cache\package.json')
Unable to read file 'c:\Users\Asus\Desktop\Terminal\CachedData\package.json' (Error: Unable to resolve nonexistent 
file 'c:\Users\Asus\Desktop\Terminal\CachedData\package.json')
Unable to read file 'c:\Users\Asus\Desktop\Terminal\CachedExtensionVSIXs\package.json' (Error: Unable to resolve 
nonexistent file 'c:\Users\Asus\Desktop\Terminal\CachedExtensionVSIXs\package.json')
Unable to read file 'c:\Users\Asus\Desktop\Terminal\CachedProfilesData\package.json' (Error: Unable to resolve 
nonexistent file 'c:\Users\Asus\Desktop\Terminal\CachedProfilesData\package.json')
Unable to read file 'c:\Users\Asus\Desktop\Terminal\Code Cache\package.json' (Error: Unable to resolve nonexistent 
file 'c:\Users\Asus\Desktop\Terminal\Code Cache\package.json')
Unable to read file 'c:\Users\Asus\Desktop\Terminal\Crashpad\package.json' (Error: Unable to resolve nonexistent file 
'c:\Users\Asus\Desktop\Terminal\Crashpad\package.json')
Unable to read file 'c:\Users\Asus\Desktop\Terminal\DawnGraphiteCache\package.json' (Error: Unable to resolve 
nonexistent file 'c:\Users\Asus\Desktop\Terminal\DawnGraphiteCache\package.json')
Unable to read file 'c:\Users\Asus\Desktop\Terminal\DawnWebGPUCache\package.json' (Error: Unable to resolve 
nonexistent file 'c:\Users\Asus\Desktop\Terminal\DawnWebGPUCache\package.json')
Unable to read file 'c:\Users\Asus\Desktop\Terminal\GPUCache\package.json' (Error: Unable to resolve nonexistent file 
'c:\Users\Asus\Desktop\Terminal\GPUCache\package.json')
Unable to read file 'c:\Users\Asus\Desktop\Terminal\Local Storage\package.json' (Error: Unable to resolve nonexistent 
file 'c:\Users\Asus\Desktop\Terminal\Local Storage\package.json')
Unable to read file 'c:\Users\Asus\Desktop\Terminal\logs\package.json' (Error: Unable to resolve nonexistent file 
'c:\Users\Asus\Desktop\Terminal\logs\package.json')
Unable to read file 'c:\Users\Asus\Desktop\Terminal\Network\package.json' (Error: Unable to resolve nonexistent file 
'c:\Users\Asus\Desktop\Terminal\Network\package.json')
Unable to read file 'c:\Users\Asus\Desktop\Terminal\Session Storage\package.json' (Error: Unable to resolve 
nonexistent file 'c:\Users\Asus\Desktop\Terminal\Session Storage\package.json')
Unable to read file 'c:\Users\Asus\Desktop\Terminal\Shared Dictionary\package.json' (Error: Unable to resolve 
nonexistent file 'c:\Users\Asus\Desktop\Terminal\Shared Dictionary\package.json')
Unable to read file 'c:\Users\Asus\Desktop\Terminal\User\package.json' (Error: Unable to resolve nonexistent file 
'c:\Users\Asus\Desktop\Terminal\User\package.json')
Ignoring terminal.integrated.initialHint.copilotCli as terminal.integrated.initialHint is true
Unable to create workbench contribution 'workbench.contrib.agentHostTerminal'. {}
Settings Sync: Account status changed from uninitialized to unavailable
Error: Cannot find module 'c:\Users\Asus\Desktop\Terminal'
Require stack:
- c:\Users\Asus\Desktop\Terminal Buddy\.vscode-test\vscode-win32-x64-archive-1.116.0\560a9dba96\resources\app\out\vs\wo
rkbench\api\node\extensionHostProcess.js
	at Module._resolveFilename (node:internal/modules/cjs/loader:1390:15)
	at n._resolveFilename (node:electron/js2c/utility_init:2:16364)
	at e._resolveFilename (file:///c:/Users/Asus/Desktop/Terminal%20Buddy/.vscode-test/vscode-win32-x64-archive-1.116.0/56
0a9dba96/resources/app/out/vs/workbench/api/node/extensionHostProcess.js:649:28889)
	at defaultResolveImpl (node:internal/modules/cjs/loader:1032:19)
	at resolveForCJSWithHooks (node:internal/modules/cjs/loader:1037:22)
	at Module._load (node:internal/modules/cjs/loader:1199:37)
	at c._load (node:electron/js2c/node_init:2:18041)
	at i._load (file:///c:/Users/Asus/Desktop/Terminal%20Buddy/.vscode-test/vscode-win32-x64-archive-1.116.0/560a9dba96/re
sources/app/out/vs/workbench/api/node/extensionHostProcess.js:831:6589)
	at e._load (file:///c:/Users/Asus/Desktop/Terminal%20Buddy/.vscode-test/vscode-win32-x64-archive-1.116.0/560a9dba96/re
sources/app/out/vs/workbench/api/node/extensionHostProcess.js:649:28611)
	at n._load (file:///c:/Users/Asus/Desktop/Terminal%20Buddy/.vscode-test/vscode-win32-x64-archive-1.116.0/560a9dba96/re
sources/app/out/vs/workbench/api/node/extensionHostProcess.js:641:25798)
	at TracingChannel.traceSync (node:diagnostics_channel:328:14)
	at wrapModuleLoad (node:internal/modules/cjs/loader:244:24)
	at Module.require (node:internal/modules/cjs/loader:1470:12)
	at require (node:internal/modules/helpers:147:16)
	at uP._doLoadModule (file:///c:/Users/Asus/Desktop/Terminal%20Buddy/.vscode-test/vscode-win32-x64-archive-1.116.0/560a
9dba96/resources/app/out/vs/workbench/api/node/extensionHostProcess.js:680:1614)
	at uP._loadCommonJSModule (file:///c:/Users/Asus/Desktop/Terminal%20Buddy/.vscode-test/vscode-win32-x64-archive-1.116.
0/560a9dba96/resources/app/out/vs/workbench/api/node/extensionHostProcess.js:680:1757)
	at uP._doHandleExtensionTests (file:///c:/Users/Asus/Desktop/Terminal%20Buddy/.vscode-test/vscode-win32-x64-archive-1.
116.0/560a9dba96/resources/app/out/vs/workbench/api/node/extensionHostProcess.js:505:21639)
	at async uP.$extensionTestsExecute (file:///c:/Users/Asus/Desktop/Terminal%20Buddy/.vscode-test/vscode-win32-x64-archi
ve-1.116.0/560a9dba96/resources/app/out/vs/workbench/api/node/extensionHostProcess.js:505:21270)
[main 2026-04-16T21:47:16.773Z] Extension host with pid 53032 exited with code: 0, signal: unknown.
Exit code:   1
Failed to run tests
