
> terminal-buddy@0.0.1 compile
> tsc -noEmit

